// Jest Snapshot v1, https://goo.gl/fbAQLP

exports[`Pruebas con <GifItem/> Debe hacer match con el snapshot 1`] = `
<div>
  <div
    class="card"
  >
    <img
      alt="saitama"
      src="htps://one-punch/saitama.jpg"
    />
    <p>
      saitama
    </p>
  </div>
</div>
`;
